2026-03-04 09:42:24,563 - ERROR - Error with DELETE of deploy testdeploy : deployments.apps testdeploy not found
2026-03-04 09:56:23,110 - ERROR - Error with delete of deploy testdeploy : deployments.apps testdeploy not found
2026-03-04 09:57:16,619 - ERROR - 404Error with delete of deploy testdeploy : deployments.apps testdeploy not found
2026-03-04 10:00:18,237 - ERROR - Error with delete of deploy testdeploy : deployments.apps testdeploy not found
2026-03-04 10:01:45,830 - ERROR - Error with delete of deploy testdeploy : deployments.apps testdeploy not found
2026-03-04 10:03:20,432 - ERROR - Error with delete of deploy testdeploy : deployments.apps testdeploy not found
2026-03-04 10:04:23,567 - WARNING - Skipping deletion of deploy testdeploy : already deleted.
2026-03-04 10:08:45,398 - WARNING - Skipping deletion of deploy testdeploy : already deleted.
2026-03-04 10:08:45,476 - ERROR - Error with create of pod blabla : namespaces blabla not found
2026-03-04 10:17:11,497 - INFO - Creating pod test1 in namespace default...
2026-03-04 10:17:16,543 - INFO - Succesfully created pod test1 in namespace default
2026-03-04 10:17:16,600 - WARNING - The pod test1 already exist in namespace default, skipping...
2026-03-04 10:17:16,608 - INFO - Creating pod test2 in namespace notexisting...
2026-03-04 10:17:16,669 - ERROR - Error with create of pod test2 : namespaces notexisting not found
2026-03-04 10:22:52,045 - INFO - Creating pod test1 in namespace default...
2026-03-04 10:22:57,092 - INFO - Succesfully created pod test1 in namespace default
2026-03-04 10:22:57,106 - INFO - Successfully deleted pod test1 from namespace default.
2026-03-04 10:23:02,121 - WARNING - Skipping deletion of pod test1 : already deleted.
2026-03-04 10:23:02,125 - INFO - Creating pod test1 in namespace default...
2026-03-04 10:23:07,186 - INFO - Succesfully created pod test1 in namespace default
2026-03-04 10:23:07,194 - INFO - Creating pod test2 in namespace notexisting...
2026-03-04 10:23:07,265 - ERROR - Error with create of pod test2 : namespaces notexisting not found


2026-03-04 10:23:55,200 - WARNING - The pod test1 already exist in namespace default, skipping...
2026-03-04 10:23:55,224 - INFO - Successfully deleted pod test1 from namespace default.
2026-03-04 10:24:00,244 - WARNING - Skipping deletion of pod test1 : already deleted.
2026-03-04 10:24:00,247 - INFO - Creating pod test1 in namespace default...
2026-03-04 10:24:05,316 - INFO - Succesfully created pod test1 in namespace default
2026-03-04 10:24:05,322 - INFO - Creating pod test2 in namespace notexisting...
2026-03-04 10:24:05,386 - ERROR - Error with create of pod test2 : namespaces notexisting not found
2026-03-04 10:25:20,362 - INFO - Creating pod test1 in namespace default...
2026-03-04 10:25:25,414 - INFO - Succesfully created pod test1 in namespace default
2026-03-04 10:25:25,423 - WARNING - The pod test1 already exist in namespace default, skipping...
2026-03-04 10:25:25,440 - INFO - Successfully deleted pod test1 from namespace default.
2026-03-04 10:25:30,471 - WARNING - Skipping deletion of pod test1 : already deleted.
2026-03-04 10:25:30,478 - INFO - Creating pod test2 in namespace notexisting...
2026-03-04 10:25:30,544 - ERROR - Error with create of pod test2 : namespaces notexisting not found
2026-03-04 10:27:07,694 - INFO - Creating pod test1 in namespace default...
2026-03-04 10:27:12,742 - INFO - Succesfully created pod test1 in namespace default
2026-03-04 10:27:12,747 - WARNING - The pod test1 already exist in namespace default, skipping...
2026-03-04 10:27:12,758 - INFO - Successfully deleted pod test1 from namespace default.
2026-03-04 10:27:17,780 - WARNING - Skipping deletion of pod test1 : already deleted.
2026-03-04 10:27:17,788 - INFO - Creating pod test2 in namespace notexisting...
2026-03-04 10:27:17,856 - ERROR - Error with create of pod test2 : namespaces notexisting not found



2026-03-04 10:27:45,875 - INFO - Creating pod test1 in namespace default...
2026-03-04 10:27:50,914 - INFO - Succesfully created pod test1 in namespace default
2026-03-04 10:27:50,919 - WARNING - The pod test1 already exist in namespace default, skipping...
2026-03-04 10:27:50,929 - INFO - Successfully deleted pod test1 from namespace default.
2026-03-04 10:27:55,957 - WARNING - Skipping deletion of pod test1 : already deleted.
2026-03-04 10:27:55,961 - INFO - Creating pod test2 in namespace default...
2026-03-04 10:28:01,005 - ERROR - Failed to create the pod test2, image cannot be found, deleting pod...
2026-03-04 10:28:01,020 - INFO - Successfully deleted pod test2 from namespace default.
2026-03-10 09:25:40,335 - INFO - Creating pod test1 in namespace default...
2026-03-10 09:25:45,375 - INFO - Succesfully created pod test1 in namespace default
